// Jest Snapshot v1, https://goo.gl/fbAQLP

exports[`Validation Implementation test 1`] = `
<div class="Source sb-unstyled ">
  <pre class="prismjs">
    <code class="language-jsx"
          style="white-space: pre;"
    >
      <span class="token keyword">
        import
      </span>
      <span class>
        React
      </span>
      <span class="token keyword">
        from
      </span>
      <span class>
      </span>
      <span class="token string">
        "react"
      </span>
      <span class="token punctuation">
        ;
      </span>
      <span class>
      </span>
      <span class>
      </span>
      <span class="token keyword">
        import
      </span>
      <span class>
        format
      </span>
      <span class="token keyword">
        from
      </span>
      <span class>
      </span>
      <span class="token string">
        "date-fns/format"
      </span>
      <span class="token punctuation">
        ;
      </span>
      <span class>
      </span>
      <span class>
      </span>
      <span class="token keyword">
        import
      </span>
      <span class>
        DateInput
      </span>
      <span class="token keyword">
        from
      </span>
      <span class>
      </span>
      <span class="token string">
        "@idesigncode/date-input/DateInput.mjs"
      </span>
      <span class="token punctuation">
        ;
      </span>
      <span class>
      </span>
      <span class>
      </span>
      <span class="token keyword">
        import
      </span>
      <span class>
      </span>
      <span class="token string">
        "@idesigncode/date-input/theme.css"
      </span>
      <span class="token punctuation">
        ;
      </span>
      <span class>
      </span>
      <span class>
      </span>
      <span class="token keyword">
        import
      </span>
      <span class>
      </span>
      <span class="token string">
        "@idesigncode/date-input/layout.css"
      </span>
      <span class="token punctuation">
        ;
      </span>
      <span class>
      </span>
      <span class>
      </span>
      <span class="token keyword">
        const
      </span>
      <span class>
      </span>
      <span class="token function-variable function">
        ValidationExample
      </span>
      <span class>
      </span>
      <span class="token operator">
        =
      </span>
      <span class>
      </span>
      <span class="token punctuation">
        (
      </span>
      <span class="token punctuation">
        )
      </span>
      <span class>
      </span>
      <span class="token operator">
        =&gt;
      </span>
      <span class>
      </span>
      <span class="token punctuation">
        {
      </span>
      <span class>
      </span>
      <span class>
      </span>
      <span class="token keyword">
        const
      </span>
      <span class>
      </span>
      <span class="token punctuation">
        [
      </span>
      <span class>
        value
      </span>
      <span class="token punctuation">
        ,
      </span>
      <span class>
        setValue
      </span>
      <span class="token punctuation">
        ]
      </span>
      <span class>
      </span>
      <span class="token operator">
        =
      </span>
      <span class>
        React
      </span>
      <span class="token punctuation">
        .
      </span>
      <span class="token function">
        useState
      </span>
      <span class="token punctuation">
        (
      </span>
      <span class="token string">
        ""
      </span>
      <span class="token punctuation">
        )
      </span>
      <span class="token punctuation">
        ;
      </span>
      <span class>
      </span>
      <span class>
      </span>
      <span class="token keyword">
        const
      </span>
      <span class>
        ref
      </span>
      <span class="token operator">
        =
      </span>
      <span class>
        React
      </span>
      <span class="token punctuation">
        .
      </span>
      <span class="token function">
        useRef
      </span>
      <span class="token punctuation">
        (
      </span>
      <span class="token punctuation">
        )
      </span>
      <span class="token punctuation">
        ;
      </span>
      <span class>
      </span>
      <span class>
      </span>
      <span class="token keyword">
        const
      </span>
      <span class>
      </span>
      <span class="token function-variable function">
        handleOnChange
      </span>
      <span class>
      </span>
      <span class="token operator">
        =
      </span>
      <span class>
      </span>
      <span class="token punctuation">
        (
      </span>
      <span class="token parameter">
        event
      </span>
      <span class="token parameter punctuation">
        ,
      </span>
      <span class="token parameter">
        formatValue
      </span>
      <span class="token punctuation">
        )
      </span>
      <span class>
      </span>
      <span class="token operator">
        =&gt;
      </span>
      <span class>
      </span>
      <span class="token punctuation">
        {
      </span>
      <span class>
      </span>
      <span class>
      </span>
      <span class="token function">
        setValue
      </span>
      <span class="token punctuation">
        (
      </span>
      <span class>
        formatValue
      </span>
      <span class="token punctuation">
        )
      </span>
      <span class="token punctuation">
        ;
      </span>
      <span class>
      </span>
      <span class>
      </span>
      <span class="token function">
        setTimeout
      </span>
      <span class="token punctuation">
        (
      </span>
      <span class="token punctuation">
        (
      </span>
      <span class="token punctuation">
        )
      </span>
      <span class>
      </span>
      <span class="token operator">
        =&gt;
      </span>
      <span class>
      </span>
      <span class="token punctuation">
        {
      </span>
      <span class>
      </span>
      <span class>
      </span>
      <span class="token comment">
        // setTimeout prevents interference with Safari's automatic reportValidity
      </span>
      <span class>
      </span>
      <span class>
      </span>
      <span class="token keyword">
        if
      </span>
      <span class>
      </span>
      <span class="token punctuation">
        (
      </span>
      <span class>
        ref
      </span>
      <span class="token operator">
        &amp;&amp;
      </span>
      <span class>
        ref
      </span>
      <span class="token punctuation">
        .
      </span>
      <span class>
        current
      </span>
      <span class="token punctuation">
        )
      </span>
      <span class>
      </span>
      <span class="token punctuation">
        {
      </span>
      <span class>
      </span>
      <span class>
        ref
      </span>
      <span class="token punctuation">
        .
      </span>
      <span class>
        current
      </span>
      <span class="token punctuation">
        .
      </span>
      <span class="token function">
        reportValidity
      </span>
      <span class="token punctuation">
        (
      </span>
      <span class="token punctuation">
        )
      </span>
      <span class="token punctuation">
        ;
      </span>
      <span class>
      </span>
      <span class>
      </span>
      <span class="token punctuation">
        }
      </span>
      <span class>
      </span>
      <span class>
      </span>
      <span class="token punctuation">
        }
      </span>
      <span class="token punctuation">
        ,
      </span>
      <span class>
      </span>
      <span class="token number">
        0
      </span>
      <span class="token punctuation">
        )
      </span>
      <span class="token punctuation">
        ;
      </span>
      <span class>
      </span>
      <span class>
      </span>
      <span class="token punctuation">
        }
      </span>
      <span class="token punctuation">
        ;
      </span>
      <span class>
      </span>
      <span class>
      </span>
      <span class="token keyword">
        return
      </span>
      <span class>
      </span>
      <span class="token punctuation">
        (
      </span>
      <span class>
      </span>
      <span class>
      </span>
      <span class="token tag punctuation">
        &lt;
      </span>
      <span class="token tag class-name">
        DateInput
      </span>
      <span class="token tag">
      </span>
      <span class="token tag">
      </span>
      <span class="token tag attr-name">
        displayFormat
      </span>
      <span class="token tag attr-value punctuation attr-equals">
        =
      </span>
      <span class="token tag attr-value punctuation">
        "
      </span>
      <span class="token tag attr-value">
        MM-yyyy-dd
      </span>
      <span class="token tag attr-value punctuation">
        "
      </span>
      <span class="token tag">
      </span>
      <span class="token tag">
      </span>
      <span class="token tag attr-name">
        format
      </span>
      <span class="token tag attr-value punctuation attr-equals">
        =
      </span>
      <span class="token tag attr-value punctuation">
        "
      </span>
      <span class="token tag attr-value">
        MM-yyyy-dd
      </span>
      <span class="token tag attr-value punctuation">
        "
      </span>
      <span class="token tag">
      </span>
      <span class="token tag">
      </span>
      <span class="token tag attr-name">
        max
      </span>
      <span class="token tag script language-javascript script-punctuation punctuation">
        =
      </span>
      <span class="token tag script language-javascript punctuation">
        {
      </span>
      <span class="token tag script language-javascript function">
        format
      </span>
      <span class="token tag script language-javascript punctuation">
        (
      </span>
      <span class="token tag script language-javascript keyword">
        new
      </span>
      <span class="token tag script language-javascript">
      </span>
      <span class="token tag script language-javascript class-name">
        Date
      </span>
      <span class="token tag script language-javascript punctuation">
        (
      </span>
      <span class="token tag script language-javascript punctuation">
        )
      </span>
      <span class="token tag script language-javascript punctuation">
        ,
      </span>
      <span class="token tag script language-javascript">
      </span>
      <span class="token tag script language-javascript string">
        "MM-yyyy-dd"
      </span>
      <span class="token tag script language-javascript punctuation">
        )
      </span>
      <span class="token tag script language-javascript punctuation">
        }
      </span>
      <span class="token tag">
      </span>
      <span class="token tag">
      </span>
      <span class="token tag attr-name">
        min
      </span>
      <span class="token tag script language-javascript script-punctuation punctuation">
        =
      </span>
      <span class="token tag script language-javascript punctuation">
        {
      </span>
      <span class="token tag script language-javascript function">
        format
      </span>
      <span class="token tag script language-javascript punctuation">
        (
      </span>
      <span class="token tag script language-javascript keyword">
        new
      </span>
      <span class="token tag script language-javascript">
      </span>
      <span class="token tag script language-javascript class-name">
        Date
      </span>
      <span class="token tag script language-javascript punctuation">
        (
      </span>
      <span class="token tag script language-javascript punctuation">
        )
      </span>
      <span class="token tag script language-javascript punctuation">
        ,
      </span>
      <span class="token tag script language-javascript">
      </span>
      <span class="token tag script language-javascript string">
        "MM-yyyy-dd"
      </span>
      <span class="token tag script language-javascript punctuation">
        )
      </span>
      <span class="token tag script language-javascript punctuation">
        }
      </span>
      <span class="token tag">
      </span>
      <span class="token tag">
      </span>
      <span class="token tag attr-name">
        name
      </span>
      <span class="token tag attr-value punctuation attr-equals">
        =
      </span>
      <span class="token tag attr-value punctuation">
        "
      </span>
      <span class="token tag attr-value">
        field_name
      </span>
      <span class="token tag attr-value punctuation">
        "
      </span>
      <span class="token tag">
      </span>
      <span class="token tag">
      </span>
      <span class="token tag attr-name">
        onChange
      </span>
      <span class="token tag script language-javascript script-punctuation punctuation">
        =
      </span>
      <span class="token tag script language-javascript punctuation">
        {
      </span>
      <span class="token tag script language-javascript">
        handleOnChange
      </span>
      <span class="token tag script language-javascript punctuation">
        }
      </span>
      <span class="token tag">
      </span>
      <span class="token tag">
      </span>
      <span class="token tag attr-name">
        ref
      </span>
      <span class="token tag script language-javascript script-punctuation punctuation">
        =
      </span>
      <span class="token tag script language-javascript punctuation">
        {
      </span>
      <span class="token tag script language-javascript">
        ref
      </span>
      <span class="token tag script language-javascript punctuation">
        }
      </span>
      <span class="token tag">
      </span>
      <span class="token tag">
      </span>
      <span class="token tag attr-name">
        required
      </span>
      <span class="token tag">
      </span>
      <span class="token tag">
      </span>
      <span class="token tag attr-name">
        value
      </span>
      <span class="token tag script language-javascript script-punctuation punctuation">
        =
      </span>
      <span class="token tag script language-javascript punctuation">
        {
      </span>
      <span class="token tag script language-javascript">
        value
      </span>
      <span class="token tag script language-javascript punctuation">
        }
      </span>
      <span class="token tag">
      </span>
      <span class="token tag">
      </span>
      <span class="token tag punctuation">
        /&gt;
      </span>
      <span class>
      </span>
      <span class>
      </span>
      <span class="token punctuation">
        )
      </span>
      <span class="token punctuation">
        ;
      </span>
      <span class>
      </span>
      <span class>
      </span>
      <span class="token punctuation">
        }
      </span>
      <span class="token punctuation">
        ;
      </span>
      <span class>
      </span>
      <span class>
      </span>
      <span class="token keyword">
        export
      </span>
      <span class>
      </span>
      <span class="token keyword">
        default
      </span>
      <span class>
        ValidationExample
      </span>
      <span class="token punctuation">
        ;
      </span>
      <span class>
      </span>
    </code>
  </pre>
  <button>
    Copy
  </button>
</div>
`;

exports[`Validation Typed Value Is Outside Max Or Min test 1`] = `
<div class="dateInput"
     data-testid="field_name-DateInput"
>
  <input aria-label="Date format: mm-yyyy-dd"
         class="field"
         data-testid="field_name"
         name="field_name"
         placeholder="mm-yyyy-dd"
         type="text"
         value="06-2023-01"
  >
  <button aria-label="Open calendar date picker"
          class="openCalendarButton"
          data-testid="field_name-OpenCalendarButton"
          type="button"
  >
    <svg class="iconCalendar"
         data-testid="field_name-Icon"
         xmlns="http://www.w3.org/2000/svg"
         version="1.1"
         x="0px"
         y="0px"
         viewbox="131 -131 512 512"
         xml:space="preserve"
    >
      <g>
        <path d="M186.6,343.9h400.8V51.7H186.6V343.9z M296.1-2.6v-81.9c0-2.6-0.9-5.2-2.6-6.9s-4.3-2.6-6.9-2.6h-18.1   c-2.6,0-5.2,0.9-6.9,2.6c-1.7,1.7-2.6,4.3-2.6,6.9v81.9c0,2.6,0.9,5.2,2.6,6.9c1.7,1.7,4.3,2.6,6.9,2.6h18.1c2.6,0,5.2-0.9,6.9-2.6   C295.2,2.6,296.1,0,296.1-2.6z M515-2.6v-81.9c0-2.6-0.9-5.2-2.6-6.9c-1.7-1.7-4.3-2.6-6.9-2.6h-18.1c-2.6,0-5.2,0.9-6.9,2.6   c-1.7,1.7-2.6,4.3-2.6,6.9v81.9c0,2.6,0.9,5.2,2.6,6.9s4.3,2.6,6.9,2.6h18.1c2.6,0,5.2-0.9,6.9-2.6C514.1,2.6,515,0,515-2.6z    M624.5-20.7v364.6c0,9.5-3.4,18.1-11.2,25.9S597.7,381,587.4,381H186.6c-9.5,0-18.1-3.4-25.9-11.2c-6.9-6.9-11.2-15.5-11.2-25.9   V-20.7c0-9.5,3.4-18.1,11.2-25.9c6.9-6.9,15.5-11.2,25.9-11.2h37.1v-27.5c0-12.9,4.3-23.3,13.8-31.9c8.6-8.6,19.8-13.8,31.8-13.8   h18.1c12.9,0,23.3,4.3,31.9,13.8c8.6,8.6,13.8,19.8,13.8,31.9v27.6h109.5v-27.6c0-12.9,4.3-23.3,13.8-31.9   c8.6-8.6,19.8-13.8,31.9-13.8h18.1c12.9,0,23.3,4.3,31.9,13.8c8.6,8.6,13.8,19.8,13.8,31.9v27.6h36.2c9.5,0,18.1,3.4,25.9,11.2   C621-39.6,624.5-31,624.5-20.7z">
        </path>
      </g>
    </svg>
  </button>
</div>
`;
